
collaborate (see also: git help workflows)
   fetch      Download objects and refs from another repository
   pull       Fetch from and integrate with another repository or a local branch

   push       Update remote refs along with associated objects

'git help -a' and 'git help -g' list available subcommands and some
concept guides. See 'git help <command>' or 'git help <concept>'
to read about a specific subcommand or concept.

C:\Users\Johns>cd/

C:\>cd bigdata

C:\bigdata>git
usage: git [--version] [--help] [-C <path>] [-c name=value]
           [--exec-path[=<path>]] [--html-path] [--man-path] [--info-path]
           [-p | --paginate | --no-pager] [--no-replace-objects] [--bare]
           [--git-dir=<path>] [--work-tree=<path>] [--namespace=<name>]
           <command> [<args>]

These are common Git commands used in various situations:

start a working area (see also: git help tutorial)
   clone      Clone a repository into a new directory
   init       Create an empty Git repository or reinitialize an existing one

work on the current change (see also: git help everyday)
   add        Add file contents to the index
   mv         Move or rename a file, a directory, or a symlink
   reset      Reset current HEAD to the specified state
   rm         Remove files from the working tree and from the index

examine the history and state (see also: git help revisions)
   bisect     Use binary search to find the commit that introduced a bug
   grep       Print lines matching a pattern
   log        Show commit logs
   show       Show various types of objects
   status     Show the working tree status

grow, mark and tweak your common history
   branch     List, create, or delete branches
   checkout   Switch branches or restore working tree files
   commit     Record changes to the repository
   diff       Show changes between commits, commit and working tree, etc
   merge      Join two or more development histories together
   rebase     Reapply commits on top of another base tip
   tag        Create, list, delete or verify a tag object signed with GPG

collaborate (see also: git help workflows)
   fetch      Download objects and refs from another repository
   pull       Fetch from and integrate with another repository or a local branch

   push       Update remote refs along with associated objects

'git help -a' and 'git help -g' list available subcommands and some
concept guides. See 'git help <command>' or 'git help <concept>'
to read about a specific subcommand or concept.

C:\bigdata>git clone https://github.com/benishkp/PBD_BKP.git
Cloning into 'PBD_BKP'...
remote: Counting objects: 3, done.
remote: Total 3 (delta 0), reused 0 (delta 0), pack-reused 0
Unpacking objects: 100% (3/3), done.

C:\bigdata>cd PBD_BKP

C:\bigdata\PBD_BKP>readme.md

C:\bigdata\PBD_BKP>more README.md
# PBD_BKP
The place where my code is at

C:\bigdata\PBD_BKP>dir
 Volume in drive C has no label.
 Volume Serial Number is 9ADF-E516

 Directory of C:\bigdata\PBD_BKP

22-Jun-17  03:05 PM    <DIR>          .
22-Jun-17  03:05 PM    <DIR>          ..
22-Jun-17  03:05 PM                42 README.md
               1 File(s)             42 bytes
               2 Dir(s)  22,920,069,120 bytes free

C:\bigdata\PBD_BKP>git status
On branch master
Your branch is up-to-date with 'origin/master'.
nothing to commit, working tree clean

C:\bigdata\PBD_BKP>git pull
Already up-to-date.

C:\bigdata\PBD_BKP>git status
On branch master
Your branch is up-to-date with 'origin/master'.
Changes not staged for commit:
  (use "git add <file>..." to update what will be committed)
  (use "git checkout -- <file>..." to discard changes in working directory)

        modified:   README.md

no changes added to commit (use "git add" and/or "git commit -a")

C:\bigdata\PBD_BKP>git diff
diff --git a/README.md b/README.md
index 51656ec..1f91725 100644
--- a/README.md
+++ b/README.md
@@ -1,2 +1,3 @@
 # PBD_BKP
 The place where my code is at
+This is where I will check in my code for CA3 and CA4 and CA5
\ No newline at end of file

C:\bigdata\PBD_BKP>git add README.md

C:\bigdata\PBD_BKP>git status
On branch master
Your branch is up-to-date with 'origin/master'.
Changes to be committed:
  (use "git reset HEAD <file>..." to unstage)

        modified:   README.md


C:\bigdata\PBD_BKP>git commit m "add ca4, ca5, ca6 details" README.md
error: pathspec 'm' did not match any file(s) known to git.
error: pathspec 'add ca4, ca5, ca6 details' did not match any file(s) known to g
it.

C:\bigdata\PBD_BKP>git commit -m "add ca4, ca5, ca6 details" README.md

*** Please tell me who you are.

Run

  git config --global user.email "you@example.com"
  git config --global user.name "Your Name"

to set your account's default identity.
Omit --global to set the identity only in this repository.

fatal: unable to auto-detect email address (got 'Johns@BENISH.(none)')

C:\bigdata\PBD_BKP>git config --global user.email "benishkp@gmail.com"

C:\bigdata\PBD_BKP>git config --global user.name "benishkp"

C:\bigdata\PBD_BKP>git push
Everything up-to-date

C:\bigdata\PBD_BKP>git commit -m "add ca4, ca5, ca6 details" README.md
[master 915c41d] add ca4, ca5, ca6 details
 1 file changed, 1 insertion(+)

C:\bigdata\PBD_BKP>git push
Counting objects: 3, done.
Delta compression using up to 4 threads.
Compressing objects: 100% (2/2), done.
Writing objects: 100% (3/3), 324 bytes | 0 bytes/s, done.
Total 3 (delta 0), reused 0 (delta 0)
To https://github.com/benishkp/PBD_BKP.git
   e88b4ac..915c41d  master -> master

C:\bigdata\PBD_BKP>git add README.md

C:\bigdata\PBD_BKP>git commit m "add ca4, ca5, ca6 details" README.md
error: pathspec 'm' did not match any file(s) known to git.
error: pathspec 'add ca4, ca5, ca6 details' did not match any file(s) known to g
it.

C:\bigdata\PBD_BKP>git commit -m "add ca4, ca5, ca6 details" README.md
[master 71de855] add ca4, ca5, ca6 details
 1 file changed, 2 insertions(+)

C:\bigdata\PBD_BKP>git push
Counting objects: 3, done.
Delta compression using up to 4 threads.
Compressing objects: 100% (2/2), done.
Writing objects: 100% (3/3), 272 bytes | 0 bytes/s, done.
Total 3 (delta 1), reused 0 (delta 0)
remote: Resolving deltas: 100% (1/1), completed with 1 local object.
To https://github.com/benishkp/PBD_BKP.git
   915c41d..71de855  master -> master

C:\bigdata\PBD_BKP>git add README.md

C:\bigdata\PBD_BKP>git commit -m "test" README.md
[master 858fc27] test
 1 file changed, 3 insertions(+), 1 deletion(-)

C:\bigdata\PBD_BKP>git push
Counting objects: 3, done.
Delta compression using up to 4 threads.
Compressing objects: 100% (2/2), done.
Writing objects: 100% (3/3), 282 bytes | 0 bytes/s, done.
Total 3 (delta 1), reused 0 (delta 0)
remote: Resolving deltas: 100% (1/1), completed with 1 local object.
To https://github.com/benishkp/PBD_BKP.git
   71de855..858fc27  master -> master

C:\bigdata\PBD_BKP>dir
 Volume in drive C has no label.
 Volume Serial Number is 9ADF-E516

 Directory of C:\bigdata\PBD_BKP

22-Jun-17  03:05 PM    <DIR>          .
22-Jun-17  03:05 PM    <DIR>          ..
22-Jun-17  04:13 PM               135 README.md
               1 File(s)            135 bytes
               2 Dir(s)  22,917,885,952 bytes free

C:\bigdata\PBD_BKP>dir
 Volume in drive C has no label.
 Volume Serial Number is 9ADF-E516

 Directory of C:\bigdata\PBD_BKP

22-Jun-17  04:26 PM    <DIR>          .
22-Jun-17  04:26 PM    <DIR>          ..
22-Jun-17  04:26 PM             4,575 attempts.csv
22-Jun-17  04:26 PM               851 attempts.py
22-Jun-17  04:24 PM            56,657 error_course_results.log
22-Jun-17  04:13 PM               135 README.md
               4 File(s)         62,218 bytes
               2 Dir(s)  22,917,349,376 bytes free

C:\bigdata\PBD_BKP>git add *.*
warning: LF will be replaced by CRLF in error_course_results.log.
The file will have its original line endings in your working directory.

C:\bigdata\PBD_BKP>git commit -m "test" .
warning: LF will be replaced by CRLF in error_course_results.log.
The file will have its original line endings in your working directory.
[master 8121436] test
 3 files changed, 252 insertions(+)
 create mode 100644 attempts.csv
 create mode 100644 attempts.py
 create mode 100644 error_course_results.log

C:\bigdata\PBD_BKP>git push
Counting objects: 5, done.
Delta compression using up to 4 threads.
Compressing objects: 100% (5/5), done.
Writing objects: 100% (5/5), 5.34 KiB | 0 bytes/s, done.
Total 5 (delta 0), reused 0 (delta 0)
To https://github.com/benishkp/PBD_BKP.git
   858fc27..8121436  master -> master

C:\bigdata\PBD_BKP>git add README.md

C:\bigdata\PBD_BKP>git commit -m "add ca4, ca5, ca6 details" README.md
[master 793678a] add ca4, ca5, ca6 details
 1 file changed, 11 insertions(+), 1 deletion(-)

C:\bigdata\PBD_BKP>git push
Counting objects: 3, done.
Delta compression using up to 4 threads.
Compressing objects: 100% (3/3), done.
Writing objects: 100% (3/3), 519 bytes | 0 bytes/s, done.
Total 3 (delta 0), reused 0 (delta 0)
To https://github.com/benishkp/PBD_BKP.git
   8121436..793678a  master -> master

C:\bigdata\PBD_BKP>git add README.md

C:\bigdata\PBD_BKP>git commit -m "test" README.md
[master 2fc0819] test
 1 file changed, 5 insertions(+), 2 deletions(-)

C:\bigdata\PBD_BKP>git push
Counting objects: 3, done.
Delta compression using up to 4 threads.
Compressing objects: 100% (3/3), done.
Writing objects: 100% (3/3), 414 bytes | 0 bytes/s, done.
Total 3 (delta 1), reused 0 (delta 0)
remote: Resolving deltas: 100% (1/1), completed with 1 local object.
To https://github.com/benishkp/PBD_BKP.git
   793678a..2fc0819  master -> master

C:\bigdata\PBD_BKP>git add README.md

C:\bigdata\PBD_BKP>git commit -m "test" README.md
[master 65f7e54] test
 1 file changed, 1 insertion(+), 1 deletion(-)

C:\bigdata\PBD_BKP>git push
Counting objects: 3, done.
Delta compression using up to 4 threads.
Compressing objects: 100% (3/3), done.
Writing objects: 100% (3/3), 376 bytes | 0 bytes/s, done.
Total 3 (delta 1), reused 0 (delta 0)
remote: Resolving deltas: 100% (1/1), completed with 1 local object.
To https://github.com/benishkp/PBD_BKP.git
   2fc0819..65f7e54  master -> master

C:\bigdata\PBD_BKP>